Archive member included to satisfy reference by file (symbol)

/home/manjunath/Desktop/Final/vega-sdk/bsp/libvega.a(gpio.o)
                              build/buzzer.o (pinSet)
/home/manjunath/Desktop/Final/vega-sdk/bsp/libvega.a(delay.o)
                              build/buzzer.o (delayMicroseconds)
/home/manjunath/Desktop/Final/vega-sdk/bsp/libvega.a(crt.o)
                              (_start)
/home/manjunath/Desktop/Final/vega-sdk/bsp/libvega.a(interrupt.o)
                              /home/manjunath/Desktop/Final/vega-sdk/bsp/libvega.a(crt.o) (interrupt_handler)
/home/manjunath/Desktop/Final/vega-sdk/bsp/libvega.a(stdlib.o)
                              /home/manjunath/Desktop/Final/vega-sdk/bsp/libvega.a(crt.o) (handle_trap)
/home/manjunath/Desktop/Final/vega-sdk/bsp/libvega.a(rawfloat.o)
                              /home/manjunath/Desktop/Final/vega-sdk/bsp/libvega.a(stdlib.o) (ecvtbuf)
/home/manjunath/Desktop/Final/vega-sdk/bsp/libvega.a(debug_uart.o)
                              /home/manjunath/Desktop/Final/vega-sdk/bsp/libvega.a(stdlib.o) (tx_uart)
/home/manjunath/Desktop/Final/vega-tools/toolchain/bin/../lib/gcc/riscv64-vega-elf/10.1.0/../../../../riscv64-vega-elf/lib/rv32im/ilp32/libc.a(lib_a-memcpy.o)
                              /home/manjunath/Desktop/Final/vega-sdk/bsp/libvega.a(stdlib.o) (memcpy)
/home/manjunath/Desktop/Final/vega-tools/toolchain/bin/../lib/gcc/riscv64-vega-elf/10.1.0/../../../../riscv64-vega-elf/lib/rv32im/ilp32/libc.a(lib_a-memset.o)
                              /home/manjunath/Desktop/Final/vega-sdk/bsp/libvega.a(stdlib.o) (memset)
/home/manjunath/Desktop/Final/vega-tools/toolchain/bin/../lib/gcc/riscv64-vega-elf/10.1.0/../../../../riscv64-vega-elf/lib/rv32im/ilp32/libc.a(lib_a-s_modf.o)
                              /home/manjunath/Desktop/Final/vega-sdk/bsp/libvega.a(rawfloat.o) (modf)
/home/manjunath/Desktop/Final/vega-tools/toolchain/bin/../lib/gcc/riscv64-vega-elf/10.1.0/../../../../riscv64-vega-elf/lib/rv32im/ilp32/libc.a(lib_a-strnlen.o)
                              /home/manjunath/Desktop/Final/vega-sdk/bsp/libvega.a(stdlib.o) (strnlen)
/home/manjunath/Desktop/Final/vega-tools/toolchain/bin/../lib/gcc/riscv64-vega-elf/10.1.0/rv32im/ilp32/libgcc.a(adddf3.o)
                              /home/manjunath/Desktop/Final/vega-sdk/bsp/libvega.a(rawfloat.o) (__adddf3)
/home/manjunath/Desktop/Final/vega-tools/toolchain/bin/../lib/gcc/riscv64-vega-elf/10.1.0/rv32im/ilp32/libgcc.a(divdf3.o)
                              /home/manjunath/Desktop/Final/vega-sdk/bsp/libvega.a(rawfloat.o) (__divdf3)
/home/manjunath/Desktop/Final/vega-tools/toolchain/bin/../lib/gcc/riscv64-vega-elf/10.1.0/rv32im/ilp32/libgcc.a(eqdf2.o)
                              /home/manjunath/Desktop/Final/vega-sdk/bsp/libvega.a(stdlib.o) (__eqdf2)
/home/manjunath/Desktop/Final/vega-tools/toolchain/bin/../lib/gcc/riscv64-vega-elf/10.1.0/rv32im/ilp32/libgcc.a(gedf2.o)
                              /home/manjunath/Desktop/Final/vega-sdk/bsp/libvega.a(rawfloat.o) (__gtdf2)
/home/manjunath/Desktop/Final/vega-tools/toolchain/bin/../lib/gcc/riscv64-vega-elf/10.1.0/rv32im/ilp32/libgcc.a(ledf2.o)
                              /home/manjunath/Desktop/Final/vega-sdk/bsp/libvega.a(stdlib.o) (__ltdf2)
/home/manjunath/Desktop/Final/vega-tools/toolchain/bin/../lib/gcc/riscv64-vega-elf/10.1.0/rv32im/ilp32/libgcc.a(muldf3.o)
                              /home/manjunath/Desktop/Final/vega-sdk/bsp/libvega.a(rawfloat.o) (__muldf3)
/home/manjunath/Desktop/Final/vega-tools/toolchain/bin/../lib/gcc/riscv64-vega-elf/10.1.0/rv32im/ilp32/libgcc.a(subdf3.o)
                              /home/manjunath/Desktop/Final/vega-tools/toolchain/bin/../lib/gcc/riscv64-vega-elf/10.1.0/../../../../riscv64-vega-elf/lib/rv32im/ilp32/libc.a(lib_a-s_modf.o) (__subdf3)
/home/manjunath/Desktop/Final/vega-tools/toolchain/bin/../lib/gcc/riscv64-vega-elf/10.1.0/rv32im/ilp32/libgcc.a(fixdfsi.o)
                              /home/manjunath/Desktop/Final/vega-sdk/bsp/libvega.a(rawfloat.o) (__fixdfsi)
/home/manjunath/Desktop/Final/vega-tools/toolchain/bin/../lib/gcc/riscv64-vega-elf/10.1.0/rv32im/ilp32/libgcc.a(addsf3.o)
                              /home/manjunath/Desktop/Final/vega-sdk/bsp/libvega.a(stdlib.o) (__addsf3)
/home/manjunath/Desktop/Final/vega-tools/toolchain/bin/../lib/gcc/riscv64-vega-elf/10.1.0/rv32im/ilp32/libgcc.a(divsf3.o)
                              /home/manjunath/Desktop/Final/vega-sdk/bsp/libvega.a(stdlib.o) (__divsf3)
/home/manjunath/Desktop/Final/vega-tools/toolchain/bin/../lib/gcc/riscv64-vega-elf/10.1.0/rv32im/ilp32/libgcc.a(mulsf3.o)
                              /home/manjunath/Desktop/Final/vega-sdk/bsp/libvega.a(stdlib.o) (__mulsf3)
/home/manjunath/Desktop/Final/vega-tools/toolchain/bin/../lib/gcc/riscv64-vega-elf/10.1.0/rv32im/ilp32/libgcc.a(floatsisf.o)
                              /home/manjunath/Desktop/Final/vega-sdk/bsp/libvega.a(stdlib.o) (__floatsisf)
/home/manjunath/Desktop/Final/vega-tools/toolchain/bin/../lib/gcc/riscv64-vega-elf/10.1.0/rv32im/ilp32/libgcc.a(_clzsi2.o)
                              /home/manjunath/Desktop/Final/vega-tools/toolchain/bin/../lib/gcc/riscv64-vega-elf/10.1.0/rv32im/ilp32/libgcc.a(adddf3.o) (__clzsi2)
/home/manjunath/Desktop/Final/vega-tools/toolchain/bin/../lib/gcc/riscv64-vega-elf/10.1.0/rv32im/ilp32/libgcc.a(_clz.o)
                              /home/manjunath/Desktop/Final/vega-tools/toolchain/bin/../lib/gcc/riscv64-vega-elf/10.1.0/rv32im/ilp32/libgcc.a(_clzsi2.o) (__clz_tab)

Discarded input sections

 .text          0x0000000000000000        0x0 build/buzzer.o
 .data          0x0000000000000000        0x0 build/buzzer.o
 .bss           0x0000000000000000        0x0 build/buzzer.o
 .data          0x0000000000000000        0x0 /home/manjunath/Desktop/Final/vega-sdk/bsp/libvega.a(gpio.o)
 .bss           0x0000000000000000        0x0 /home/manjunath/Desktop/Final/vega-sdk/bsp/libvega.a(gpio.o)
 .data          0x0000000000000000        0x0 /home/manjunath/Desktop/Final/vega-sdk/bsp/libvega.a(delay.o)
 .bss           0x0000000000000000        0x0 /home/manjunath/Desktop/Final/vega-sdk/bsp/libvega.a(delay.o)
 .text          0x0000000000000000        0x0 /home/manjunath/Desktop/Final/vega-sdk/bsp/libvega.a(crt.o)
 .data          0x0000000000000000        0x0 /home/manjunath/Desktop/Final/vega-sdk/bsp/libvega.a(crt.o)
 .bss           0x0000000000000000        0x0 /home/manjunath/Desktop/Final/vega-sdk/bsp/libvega.a(crt.o)
 .INTERRUPT_isr_sect_0
                0x0000000000000000      0x108 /home/manjunath/Desktop/Final/vega-sdk/bsp/libvega.a(crt.o)
 .text          0x0000000000000000      0x298 /home/manjunath/Desktop/Final/vega-sdk/bsp/libvega.a(interrupt.o)
 .data          0x0000000000000000        0x0 /home/manjunath/Desktop/Final/vega-sdk/bsp/libvega.a(interrupt.o)
 .bss           0x0000000000000000      0x100 /home/manjunath/Desktop/Final/vega-sdk/bsp/libvega.a(interrupt.o)
 .sbss          0x0000000000000000        0x4 /home/manjunath/Desktop/Final/vega-sdk/bsp/libvega.a(interrupt.o)
 .comment       0x0000000000000000       0x13 /home/manjunath/Desktop/Final/vega-sdk/bsp/libvega.a(interrupt.o)
 .riscv.attributes
                0x0000000000000000       0x25 /home/manjunath/Desktop/Final/vega-sdk/bsp/libvega.a(interrupt.o)
 .data          0x0000000000000000        0x0 /home/manjunath/Desktop/Final/vega-sdk/bsp/libvega.a(stdlib.o)
 .bss           0x0000000000000000       0x10 /home/manjunath/Desktop/Final/vega-sdk/bsp/libvega.a(stdlib.o)
 .data          0x0000000000000000        0x0 /home/manjunath/Desktop/Final/vega-sdk/bsp/libvega.a(rawfloat.o)
 .data          0x0000000000000000        0x0 /home/manjunath/Desktop/Final/vega-sdk/bsp/libvega.a(debug_uart.o)
 .bss           0x0000000000000000        0x0 /home/manjunath/Desktop/Final/vega-sdk/bsp/libvega.a(debug_uart.o)
 .data          0x0000000000000000        0x0 /home/manjunath/Desktop/Final/vega-tools/toolchain/bin/../lib/gcc/riscv64-vega-elf/10.1.0/../../../../riscv64-vega-elf/lib/rv32im/ilp32/libc.a(lib_a-memcpy.o)
 .bss           0x0000000000000000        0x0 /home/manjunath/Desktop/Final/vega-tools/toolchain/bin/../lib/gcc/riscv64-vega-elf/10.1.0/../../../../riscv64-vega-elf/lib/rv32im/ilp32/libc.a(lib_a-memcpy.o)
 .data          0x0000000000000000        0x0 /home/manjunath/Desktop/Final/vega-tools/toolchain/bin/../lib/gcc/riscv64-vega-elf/10.1.0/../../../../riscv64-vega-elf/lib/rv32im/ilp32/libc.a(lib_a-memset.o)
 .bss           0x0000000000000000        0x0 /home/manjunath/Desktop/Final/vega-tools/toolchain/bin/../lib/gcc/riscv64-vega-elf/10.1.0/../../../../riscv64-vega-elf/lib/rv32im/ilp32/libc.a(lib_a-memset.o)
 .data          0x0000000000000000        0x0 /home/manjunath/Desktop/Final/vega-tools/toolchain/bin/../lib/gcc/riscv64-vega-elf/10.1.0/../../../../riscv64-vega-elf/lib/rv32im/ilp32/libc.a(lib_a-s_modf.o)
 .bss           0x0000000000000000        0x0 /home/manjunath/Desktop/Final/vega-tools/toolchain/bin/../lib/gcc/riscv64-vega-elf/10.1.0/../../../../riscv64-vega-elf/lib/rv32im/ilp32/libc.a(lib_a-s_modf.o)
 .data          0x0000000000000000        0x0 /home/manjunath/Desktop/Final/vega-tools/toolchain/bin/../lib/gcc/riscv64-vega-elf/10.1.0/../../../../riscv64-vega-elf/lib/rv32im/ilp32/libc.a(lib_a-strnlen.o)
 .bss           0x0000000000000000        0x0 /home/manjunath/Desktop/Final/vega-tools/toolchain/bin/../lib/gcc/riscv64-vega-elf/10.1.0/../../../../riscv64-vega-elf/lib/rv32im/ilp32/libc.a(lib_a-strnlen.o)
 .data          0x0000000000000000        0x0 /home/manjunath/Desktop/Final/vega-tools/toolchain/bin/../lib/gcc/riscv64-vega-elf/10.1.0/rv32im/ilp32/libgcc.a(adddf3.o)
 .bss           0x0000000000000000        0x0 /home/manjunath/Desktop/Final/vega-tools/toolchain/bin/../lib/gcc/riscv64-vega-elf/10.1.0/rv32im/ilp32/libgcc.a(adddf3.o)
 .data          0x0000000000000000        0x0 /home/manjunath/Desktop/Final/vega-tools/toolchain/bin/../lib/gcc/riscv64-vega-elf/10.1.0/rv32im/ilp32/libgcc.a(divdf3.o)
 .bss           0x0000000000000000        0x0 /home/manjunath/Desktop/Final/vega-tools/toolchain/bin/../lib/gcc/riscv64-vega-elf/10.1.0/rv32im/ilp32/libgcc.a(divdf3.o)
 .data          0x0000000000000000        0x0 /home/manjunath/Desktop/Final/vega-tools/toolchain/bin/../lib/gcc/riscv64-vega-elf/10.1.0/rv32im/ilp32/libgcc.a(eqdf2.o)
 .bss           0x0000000000000000        0x0 /home/manjunath/Desktop/Final/vega-tools/toolchain/bin/../lib/gcc/riscv64-vega-elf/10.1.0/rv32im/ilp32/libgcc.a(eqdf2.o)
 .data          0x0000000000000000        0x0 /home/manjunath/Desktop/Final/vega-tools/toolchain/bin/../lib/gcc/riscv64-vega-elf/10.1.0/rv32im/ilp32/libgcc.a(gedf2.o)
 .bss           0x0000000000000000        0x0 /home/manjunath/Desktop/Final/vega-tools/toolchain/bin/../lib/gcc/riscv64-vega-elf/10.1.0/rv32im/ilp32/libgcc.a(gedf2.o)
 .data          0x0000000000000000        0x0 /home/manjunath/Desktop/Final/vega-tools/toolchain/bin/../lib/gcc/riscv64-vega-elf/10.1.0/rv32im/ilp32/libgcc.a(ledf2.o)
 .bss           0x0000000000000000        0x0 /home/manjunath/Desktop/Final/vega-tools/toolchain/bin/../lib/gcc/riscv64-vega-elf/10.1.0/rv32im/ilp32/libgcc.a(ledf2.o)
 .data          0x0000000000000000        0x0 /home/manjunath/Desktop/Final/vega-tools/toolchain/bin/../lib/gcc/riscv64-vega-elf/10.1.0/rv32im/ilp32/libgcc.a(muldf3.o)
 .bss           0x0000000000000000        0x0 /home/manjunath/Desktop/Final/vega-tools/toolchain/bin/../lib/gcc/riscv64-vega-elf/10.1.0/rv32im/ilp32/libgcc.a(muldf3.o)
 .data          0x0000000000000000        0x0 /home/manjunath/Desktop/Final/vega-tools/toolchain/bin/../lib/gcc/riscv64-vega-elf/10.1.0/rv32im/ilp32/libgcc.a(subdf3.o)
 .bss           0x0000000000000000        0x0 /home/manjunath/Desktop/Final/vega-tools/toolchain/bin/../lib/gcc/riscv64-vega-elf/10.1.0/rv32im/ilp32/libgcc.a(subdf3.o)
 .data          0x0000000000000000        0x0 /home/manjunath/Desktop/Final/vega-tools/toolchain/bin/../lib/gcc/riscv64-vega-elf/10.1.0/rv32im/ilp32/libgcc.a(fixdfsi.o)
 .bss           0x0000000000000000        0x0 /home/manjunath/Desktop/Final/vega-tools/toolchain/bin/../lib/gcc/riscv64-vega-elf/10.1.0/rv32im/ilp32/libgcc.a(fixdfsi.o)
 .data          0x0000000000000000        0x0 /home/manjunath/Desktop/Final/vega-tools/toolchain/bin/../lib/gcc/riscv64-vega-elf/10.1.0/rv32im/ilp32/libgcc.a(addsf3.o)
 .bss           0x0000000000000000        0x0 /home/manjunath/Desktop/Final/vega-tools/toolchain/bin/../lib/gcc/riscv64-vega-elf/10.1.0/rv32im/ilp32/libgcc.a(addsf3.o)
 .data          0x0000000000000000        0x0 /home/manjunath/Desktop/Final/vega-tools/toolchain/bin/../lib/gcc/riscv64-vega-elf/10.1.0/rv32im/ilp32/libgcc.a(divsf3.o)
 .bss           0x0000000000000000        0x0 /home/manjunath/Desktop/Final/vega-tools/toolchain/bin/../lib/gcc/riscv64-vega-elf/10.1.0/rv32im/ilp32/libgcc.a(divsf3.o)
 .data          0x0000000000000000        0x0 /home/manjunath/Desktop/Final/vega-tools/toolchain/bin/../lib/gcc/riscv64-vega-elf/10.1.0/rv32im/ilp32/libgcc.a(mulsf3.o)
 .bss           0x0000000000000000        0x0 /home/manjunath/Desktop/Final/vega-tools/toolchain/bin/../lib/gcc/riscv64-vega-elf/10.1.0/rv32im/ilp32/libgcc.a(mulsf3.o)
 .data          0x0000000000000000        0x0 /home/manjunath/Desktop/Final/vega-tools/toolchain/bin/../lib/gcc/riscv64-vega-elf/10.1.0/rv32im/ilp32/libgcc.a(floatsisf.o)
 .bss           0x0000000000000000        0x0 /home/manjunath/Desktop/Final/vega-tools/toolchain/bin/../lib/gcc/riscv64-vega-elf/10.1.0/rv32im/ilp32/libgcc.a(floatsisf.o)
 .data          0x0000000000000000        0x0 /home/manjunath/Desktop/Final/vega-tools/toolchain/bin/../lib/gcc/riscv64-vega-elf/10.1.0/rv32im/ilp32/libgcc.a(_clzsi2.o)
 .bss           0x0000000000000000        0x0 /home/manjunath/Desktop/Final/vega-tools/toolchain/bin/../lib/gcc/riscv64-vega-elf/10.1.0/rv32im/ilp32/libgcc.a(_clzsi2.o)
 .text          0x0000000000000000        0x0 /home/manjunath/Desktop/Final/vega-tools/toolchain/bin/../lib/gcc/riscv64-vega-elf/10.1.0/rv32im/ilp32/libgcc.a(_clz.o)
 .data          0x0000000000000000        0x0 /home/manjunath/Desktop/Final/vega-tools/toolchain/bin/../lib/gcc/riscv64-vega-elf/10.1.0/rv32im/ilp32/libgcc.a(_clz.o)
 .bss           0x0000000000000000        0x0 /home/manjunath/Desktop/Final/vega-tools/toolchain/bin/../lib/gcc/riscv64-vega-elf/10.1.0/rv32im/ilp32/libgcc.a(_clz.o)

Memory Configuration

Name             Origin             Length             Attributes
*default*        0x0000000000000000 0xffffffffffffffff

Linker script and memory map

LOAD build/buzzer.o
START GROUP
LOAD /home/manjunath/Desktop/Final/vega-sdk/bsp/libvega.a
LOAD /home/manjunath/Desktop/Final/vega-tools/toolchain/bin/../lib/gcc/riscv64-vega-elf/10.1.0/../../../../riscv64-vega-elf/lib/rv32im/ilp32/libc.a
LOAD /home/manjunath/Desktop/Final/vega-tools/toolchain/bin/../lib/gcc/riscv64-vega-elf/10.1.0/rv32im/ilp32/libgcc.a
LOAD /home/manjunath/Desktop/Final/vega-tools/toolchain/bin/../lib/gcc/riscv64-vega-elf/10.1.0/../../../../riscv64-vega-elf/lib/rv32im/ilp32/libm.a
END GROUP
                0x0000000000020000                . = 0x20000

.text.init      0x0000000000020000      0x1f0
 *(.text.init)
 .text.init     0x0000000000020000      0x1f0 /home/manjunath/Desktop/Final/vega-sdk/bsp/libvega.a(crt.o)
                0x0000000000020000                _start
                0x00000000000200cc                trap_entry

.text           0x00000000000201f0     0x6040
 *(.text)
 .text          0x00000000000201f0      0x218 /home/manjunath/Desktop/Final/vega-sdk/bsp/libvega.a(gpio.o)
                0x00000000000201f0                digitalWrite
                0x0000000000020250                digitalSet
                0x0000000000020294                digitalClear
                0x00000000000202d8                digitalRead
                0x0000000000020304                pinSet
                0x0000000000020350                pinClear
                0x000000000002039c                pinRead
 .text          0x0000000000020408       0xe4 /home/manjunath/Desktop/Final/vega-sdk/bsp/libvega.a(delay.o)
                0x0000000000020408                delayMicroseconds
                0x000000000002047c                delayMilliseconds
 .text          0x00000000000204ec     0x2230 /home/manjunath/Desktop/Final/vega-sdk/bsp/libvega.a(stdlib.o)
                0x00000000000204ec                handle_trap
                0x000000000002059c                exit
                0x00000000000205c0                abort
                0x00000000000205f0                printstr
                0x0000000000020624                thread_entry
                0x000000000002072c                _init
                0x000000000002076c                putchar
                0x00000000000207bc                printhex
                0x0000000000020a54                atoi
                0x0000000000020ad8                atof
                0x0000000000020c1c                accurate_udelay
                0x0000000000020c80                udelay
                0x0000000000020cd8                usleep
                0x0000000000020d34                get_time
                0x0000000000022530                puts
                0x00000000000225b8                printf
                0x0000000000022684                sprintf
                0x00000000000226f8                _sbrk
 .text          0x000000000002271c      0x644 /home/manjunath/Desktop/Final/vega-sdk/bsp/libvega.a(rawfloat.o)
                0x0000000000022be0                ecvt
                0x0000000000022c40                ecvtbuf
                0x0000000000022ca0                fcvt
                0x0000000000022d00                fcvtbuf
 .text          0x0000000000022d60      0x66c /home/manjunath/Desktop/Final/vega-sdk/bsp/libvega.a(debug_uart.o)
                0x0000000000022d60                init_uart
                0x0000000000022dc8                tx_uart
                0x0000000000022e30                rx_uart
                0x0000000000022e84                get_decimal
                0x000000000002309c                get_long_int
                0x0000000000023250                get_hex
 .text          0x00000000000233cc      0x11c /home/manjunath/Desktop/Final/vega-tools/toolchain/bin/../lib/gcc/riscv64-vega-elf/10.1.0/../../../../riscv64-vega-elf/lib/rv32im/ilp32/libc.a(lib_a-memcpy.o)
                0x00000000000233cc                memcpy
 .text          0x00000000000234e8       0xdc /home/manjunath/Desktop/Final/vega-tools/toolchain/bin/../lib/gcc/riscv64-vega-elf/10.1.0/../../../../riscv64-vega-elf/lib/rv32im/ilp32/libc.a(lib_a-memset.o)
                0x00000000000234e8                memset
 .text          0x00000000000235c4       0xfc /home/manjunath/Desktop/Final/vega-tools/toolchain/bin/../lib/gcc/riscv64-vega-elf/10.1.0/../../../../riscv64-vega-elf/lib/rv32im/ilp32/libc.a(lib_a-s_modf.o)
                0x00000000000235c4                modf
 .text          0x00000000000236c0       0x38 /home/manjunath/Desktop/Final/vega-tools/toolchain/bin/../lib/gcc/riscv64-vega-elf/10.1.0/../../../../riscv64-vega-elf/lib/rv32im/ilp32/libc.a(lib_a-strnlen.o)
                0x00000000000236c0                strnlen
 .text          0x00000000000236f8      0x7d8 /home/manjunath/Desktop/Final/vega-tools/toolchain/bin/../lib/gcc/riscv64-vega-elf/10.1.0/rv32im/ilp32/libgcc.a(adddf3.o)
                0x00000000000236f8                __adddf3
 .text          0x0000000000023ed0      0x6e4 /home/manjunath/Desktop/Final/vega-tools/toolchain/bin/../lib/gcc/riscv64-vega-elf/10.1.0/rv32im/ilp32/libgcc.a(divdf3.o)
                0x0000000000023ed0                __divdf3
 .text          0x00000000000245b4       0x8c /home/manjunath/Desktop/Final/vega-tools/toolchain/bin/../lib/gcc/riscv64-vega-elf/10.1.0/rv32im/ilp32/libgcc.a(eqdf2.o)
                0x00000000000245b4                __eqdf2
                0x00000000000245b4                __nedf2
 .text          0x0000000000024640       0xe4 /home/manjunath/Desktop/Final/vega-tools/toolchain/bin/../lib/gcc/riscv64-vega-elf/10.1.0/rv32im/ilp32/libgcc.a(gedf2.o)
                0x0000000000024640                __gtdf2
                0x0000000000024640                __gedf2
 .text          0x0000000000024724       0xe4 /home/manjunath/Desktop/Final/vega-tools/toolchain/bin/../lib/gcc/riscv64-vega-elf/10.1.0/rv32im/ilp32/libgcc.a(ledf2.o)
                0x0000000000024724                __ltdf2
                0x0000000000024724                __ledf2
 .text          0x0000000000024808      0x5cc /home/manjunath/Desktop/Final/vega-tools/toolchain/bin/../lib/gcc/riscv64-vega-elf/10.1.0/rv32im/ilp32/libgcc.a(muldf3.o)
                0x0000000000024808                __muldf3
 .text          0x0000000000024dd4      0x7ec /home/manjunath/Desktop/Final/vega-tools/toolchain/bin/../lib/gcc/riscv64-vega-elf/10.1.0/rv32im/ilp32/libgcc.a(subdf3.o)
                0x0000000000024dd4                __subdf3
 .text          0x00000000000255c0       0x80 /home/manjunath/Desktop/Final/vega-tools/toolchain/bin/../lib/gcc/riscv64-vega-elf/10.1.0/rv32im/ilp32/libgcc.a(fixdfsi.o)
                0x00000000000255c0                __fixdfsi
 .text          0x0000000000025640      0x45c /home/manjunath/Desktop/Final/vega-tools/toolchain/bin/../lib/gcc/riscv64-vega-elf/10.1.0/rv32im/ilp32/libgcc.a(addsf3.o)
                0x0000000000025640                __addsf3
 .text          0x0000000000025a9c      0x338 /home/manjunath/Desktop/Final/vega-tools/toolchain/bin/../lib/gcc/riscv64-vega-elf/10.1.0/rv32im/ilp32/libgcc.a(divsf3.o)
                0x0000000000025a9c                __divsf3
 .text          0x0000000000025dd4      0x308 /home/manjunath/Desktop/Final/vega-tools/toolchain/bin/../lib/gcc/riscv64-vega-elf/10.1.0/rv32im/ilp32/libgcc.a(mulsf3.o)
                0x0000000000025dd4                __mulsf3
 .text          0x00000000000260dc      0x108 /home/manjunath/Desktop/Final/vega-tools/toolchain/bin/../lib/gcc/riscv64-vega-elf/10.1.0/rv32im/ilp32/libgcc.a(floatsisf.o)
                0x00000000000260dc                __floatsisf
 .text          0x00000000000261e4       0x4c /home/manjunath/Desktop/Final/vega-tools/toolchain/bin/../lib/gcc/riscv64-vega-elf/10.1.0/rv32im/ilp32/libgcc.a(_clzsi2.o)
                0x00000000000261e4                __clzsi2

.text.playTone  0x0000000000026230       0x88
 .text.playTone
                0x0000000000026230       0x88 build/buzzer.o
                0x0000000000026230                playTone

.text.playNote  0x00000000000262b8       0xec
 .text.playNote
                0x00000000000262b8       0xec build/buzzer.o
                0x00000000000262b8                playNote

.text.main      0x00000000000263a4       0xf4
 .text.main     0x00000000000263a4       0xf4 build/buzzer.o
                0x00000000000263a4                main

.rodata         0x0000000000026498      0x430
 .rodata        0x0000000000026498       0x20 build/buzzer.o
 .rodata        0x00000000000264b8      0x204 /home/manjunath/Desktop/Final/vega-sdk/bsp/libvega.a(stdlib.o)
 *fill*         0x00000000000266bc        0x4 
 .rodata        0x00000000000266c0       0x18 /home/manjunath/Desktop/Final/vega-sdk/bsp/libvega.a(rawfloat.o)
 .rodata        0x00000000000266d8       0x3c /home/manjunath/Desktop/Final/vega-tools/toolchain/bin/../lib/gcc/riscv64-vega-elf/10.1.0/rv32im/ilp32/libgcc.a(divdf3.o)
 .rodata        0x0000000000026714       0x3c /home/manjunath/Desktop/Final/vega-tools/toolchain/bin/../lib/gcc/riscv64-vega-elf/10.1.0/rv32im/ilp32/libgcc.a(muldf3.o)
 .rodata        0x0000000000026750       0x3c /home/manjunath/Desktop/Final/vega-tools/toolchain/bin/../lib/gcc/riscv64-vega-elf/10.1.0/rv32im/ilp32/libgcc.a(divsf3.o)
 .rodata        0x000000000002678c       0x3c /home/manjunath/Desktop/Final/vega-tools/toolchain/bin/../lib/gcc/riscv64-vega-elf/10.1.0/rv32im/ilp32/libgcc.a(mulsf3.o)
 .rodata        0x00000000000267c8      0x100 /home/manjunath/Desktop/Final/vega-tools/toolchain/bin/../lib/gcc/riscv64-vega-elf/10.1.0/rv32im/ilp32/libgcc.a(_clz.o)
                0x00000000000267c8                __clz_tab

.rela.dyn       0x00000000000268c8       0x24
 .rela.text.init
                0x00000000000268c8        0x0 build/buzzer.o
 .rela.got      0x00000000000268c8       0x24 build/buzzer.o
 .rela.text     0x00000000000268ec        0x0 build/buzzer.o

.data
 *(.data)

.data.notes     0x00000000000268ec       0x96
 .data.notes    0x00000000000268ec       0x96 build/buzzer.o
                0x00000000000268ec                notes

.data.beats     0x0000000000026984      0x254
 .data.beats    0x0000000000026984      0x254 build/buzzer.o
                0x0000000000026984                beats

.got            0x0000000000026bd8       0x10
 .got           0x0000000000026bd8       0x10 build/buzzer.o
                0x0000000000026bd8                _GLOBAL_OFFSET_TABLE_

.got.plt        0x0000000000026be8        0x8
 .got.plt       0x0000000000026be8        0x8 build/buzzer.o

.sdata          0x0000000000026bf0       0x10
                0x00000000000273f0                __global_pointer$ = (. + 0x800)
 *(.srodata.cst16)
 *(.srodata.cst8)
 *(.srodata.cst4)
 *(.srodata.cst2)
 *(.srodata*)
 *(.sdata .sdata.* .gnu.linkonce.s.*)
 .sdata.length  0x0000000000026bf0        0x4 build/buzzer.o
                0x0000000000026bf0                length
 .sdata.tempo   0x0000000000026bf4        0x4 build/buzzer.o
                0x0000000000026bf4                tempo
 .sdata         0x0000000000026bf8        0x8 /home/manjunath/Desktop/Final/vega-sdk/bsp/libvega.a(stdlib.o)

.sbss           0x0000000000026c00        0x4
 *(.sbss .sbss.* .gnu.linkonce.sb.*)
 .sbss          0x0000000000026c00        0x4 /home/manjunath/Desktop/Final/vega-sdk/bsp/libvega.a(stdlib.o)
                0x0000000000026c00                loop_count
 *(.scommon)

.bss            0x0000000000026c04       0x50
 *(.bss)
 .bss           0x0000000000026c04       0x50 /home/manjunath/Desktop/Final/vega-sdk/bsp/libvega.a(rawfloat.o)

.tdata          0x0000000000026c54        0x0
                0x0000000000026c54                _tls_data = .
 *(.tdata.begin)
 .tdata.begin   0x0000000000026c54        0x0 /home/manjunath/Desktop/Final/vega-sdk/bsp/libvega.a(crt.o)
 *(.tdata)
 *(.tdata.end)
 .tdata.end     0x0000000000026c54        0x0 /home/manjunath/Desktop/Final/vega-sdk/bsp/libvega.a(crt.o)

.tbss           0x0000000000026c54        0x0
 *(.tbss)
 *(.tbss.end)
 .tbss.end      0x0000000000026c54        0x0 /home/manjunath/Desktop/Final/vega-sdk/bsp/libvega.a(crt.o)
                0x0000000000026c54                _end = .
OUTPUT(build/buzzer.elf elf32-littleriscv)

.comment        0x0000000000000000       0x12
 .comment       0x0000000000000000       0x12 build/buzzer.o
                                         0x13 (size before relaxing)
 .comment       0x0000000000000012       0x13 /home/manjunath/Desktop/Final/vega-sdk/bsp/libvega.a(gpio.o)
 .comment       0x0000000000000012       0x13 /home/manjunath/Desktop/Final/vega-sdk/bsp/libvega.a(delay.o)
 .comment       0x0000000000000012       0x13 /home/manjunath/Desktop/Final/vega-sdk/bsp/libvega.a(stdlib.o)
 .comment       0x0000000000000012       0x13 /home/manjunath/Desktop/Final/vega-sdk/bsp/libvega.a(rawfloat.o)
 .comment       0x0000000000000012       0x13 /home/manjunath/Desktop/Final/vega-sdk/bsp/libvega.a(debug_uart.o)
 .comment       0x0000000000000012       0x13 /home/manjunath/Desktop/Final/vega-tools/toolchain/bin/../lib/gcc/riscv64-vega-elf/10.1.0/../../../../riscv64-vega-elf/lib/rv32im/ilp32/libc.a(lib_a-memcpy.o)
 .comment       0x0000000000000012       0x13 /home/manjunath/Desktop/Final/vega-tools/toolchain/bin/../lib/gcc/riscv64-vega-elf/10.1.0/../../../../riscv64-vega-elf/lib/rv32im/ilp32/libc.a(lib_a-s_modf.o)
 .comment       0x0000000000000012       0x13 /home/manjunath/Desktop/Final/vega-tools/toolchain/bin/../lib/gcc/riscv64-vega-elf/10.1.0/../../../../riscv64-vega-elf/lib/rv32im/ilp32/libc.a(lib_a-strnlen.o)
 .comment       0x0000000000000012       0x13 /home/manjunath/Desktop/Final/vega-tools/toolchain/bin/../lib/gcc/riscv64-vega-elf/10.1.0/rv32im/ilp32/libgcc.a(adddf3.o)
 .comment       0x0000000000000012       0x13 /home/manjunath/Desktop/Final/vega-tools/toolchain/bin/../lib/gcc/riscv64-vega-elf/10.1.0/rv32im/ilp32/libgcc.a(divdf3.o)
 .comment       0x0000000000000012       0x13 /home/manjunath/Desktop/Final/vega-tools/toolchain/bin/../lib/gcc/riscv64-vega-elf/10.1.0/rv32im/ilp32/libgcc.a(eqdf2.o)
 .comment       0x0000000000000012       0x13 /home/manjunath/Desktop/Final/vega-tools/toolchain/bin/../lib/gcc/riscv64-vega-elf/10.1.0/rv32im/ilp32/libgcc.a(gedf2.o)
 .comment       0x0000000000000012       0x13 /home/manjunath/Desktop/Final/vega-tools/toolchain/bin/../lib/gcc/riscv64-vega-elf/10.1.0/rv32im/ilp32/libgcc.a(ledf2.o)
 .comment       0x0000000000000012       0x13 /home/manjunath/Desktop/Final/vega-tools/toolchain/bin/../lib/gcc/riscv64-vega-elf/10.1.0/rv32im/ilp32/libgcc.a(muldf3.o)
 .comment       0x0000000000000012       0x13 /home/manjunath/Desktop/Final/vega-tools/toolchain/bin/../lib/gcc/riscv64-vega-elf/10.1.0/rv32im/ilp32/libgcc.a(subdf3.o)
 .comment       0x0000000000000012       0x13 /home/manjunath/Desktop/Final/vega-tools/toolchain/bin/../lib/gcc/riscv64-vega-elf/10.1.0/rv32im/ilp32/libgcc.a(fixdfsi.o)
 .comment       0x0000000000000012       0x13 /home/manjunath/Desktop/Final/vega-tools/toolchain/bin/../lib/gcc/riscv64-vega-elf/10.1.0/rv32im/ilp32/libgcc.a(addsf3.o)
 .comment       0x0000000000000012       0x13 /home/manjunath/Desktop/Final/vega-tools/toolchain/bin/../lib/gcc/riscv64-vega-elf/10.1.0/rv32im/ilp32/libgcc.a(divsf3.o)
 .comment       0x0000000000000012       0x13 /home/manjunath/Desktop/Final/vega-tools/toolchain/bin/../lib/gcc/riscv64-vega-elf/10.1.0/rv32im/ilp32/libgcc.a(mulsf3.o)
 .comment       0x0000000000000012       0x13 /home/manjunath/Desktop/Final/vega-tools/toolchain/bin/../lib/gcc/riscv64-vega-elf/10.1.0/rv32im/ilp32/libgcc.a(floatsisf.o)
 .comment       0x0000000000000012       0x13 /home/manjunath/Desktop/Final/vega-tools/toolchain/bin/../lib/gcc/riscv64-vega-elf/10.1.0/rv32im/ilp32/libgcc.a(_clzsi2.o)
 .comment       0x0000000000000012       0x13 /home/manjunath/Desktop/Final/vega-tools/toolchain/bin/../lib/gcc/riscv64-vega-elf/10.1.0/rv32im/ilp32/libgcc.a(_clz.o)

.riscv.attributes
                0x0000000000000000       0x25
 .riscv.attributes
                0x0000000000000000       0x21 build/buzzer.o
 .riscv.attributes
                0x0000000000000021       0x21 /home/manjunath/Desktop/Final/vega-sdk/bsp/libvega.a(gpio.o)
 .riscv.attributes
                0x0000000000000042       0x25 /home/manjunath/Desktop/Final/vega-sdk/bsp/libvega.a(delay.o)
 .riscv.attributes
                0x0000000000000067       0x23 /home/manjunath/Desktop/Final/vega-sdk/bsp/libvega.a(crt.o)
 .riscv.attributes
                0x000000000000008a       0x25 /home/manjunath/Desktop/Final/vega-sdk/bsp/libvega.a(stdlib.o)
 .riscv.attributes
                0x00000000000000af       0x21 /home/manjunath/Desktop/Final/vega-sdk/bsp/libvega.a(rawfloat.o)
 .riscv.attributes
                0x00000000000000d0       0x21 /home/manjunath/Desktop/Final/vega-sdk/bsp/libvega.a(debug_uart.o)
 .riscv.attributes
                0x00000000000000f1       0x21 /home/manjunath/Desktop/Final/vega-tools/toolchain/bin/../lib/gcc/riscv64-vega-elf/10.1.0/../../../../riscv64-vega-elf/lib/rv32im/ilp32/libc.a(lib_a-memcpy.o)
 .riscv.attributes
                0x0000000000000112       0x1f /home/manjunath/Desktop/Final/vega-tools/toolchain/bin/../lib/gcc/riscv64-vega-elf/10.1.0/../../../../riscv64-vega-elf/lib/rv32im/ilp32/libc.a(lib_a-memset.o)
 .riscv.attributes
                0x0000000000000131       0x21 /home/manjunath/Desktop/Final/vega-tools/toolchain/bin/../lib/gcc/riscv64-vega-elf/10.1.0/../../../../riscv64-vega-elf/lib/rv32im/ilp32/libc.a(lib_a-s_modf.o)
 .riscv.attributes
                0x0000000000000152       0x21 /home/manjunath/Desktop/Final/vega-tools/toolchain/bin/../lib/gcc/riscv64-vega-elf/10.1.0/../../../../riscv64-vega-elf/lib/rv32im/ilp32/libc.a(lib_a-strnlen.o)
 .riscv.attributes
                0x0000000000000173       0x21 /home/manjunath/Desktop/Final/vega-tools/toolchain/bin/../lib/gcc/riscv64-vega-elf/10.1.0/rv32im/ilp32/libgcc.a(adddf3.o)
 .riscv.attributes
                0x0000000000000194       0x21 /home/manjunath/Desktop/Final/vega-tools/toolchain/bin/../lib/gcc/riscv64-vega-elf/10.1.0/rv32im/ilp32/libgcc.a(divdf3.o)
 .riscv.attributes
                0x00000000000001b5       0x21 /home/manjunath/Desktop/Final/vega-tools/toolchain/bin/../lib/gcc/riscv64-vega-elf/10.1.0/rv32im/ilp32/libgcc.a(eqdf2.o)
 .riscv.attributes
                0x00000000000001d6       0x21 /home/manjunath/Desktop/Final/vega-tools/toolchain/bin/../lib/gcc/riscv64-vega-elf/10.1.0/rv32im/ilp32/libgcc.a(gedf2.o)
 .riscv.attributes
                0x00000000000001f7       0x21 /home/manjunath/Desktop/Final/vega-tools/toolchain/bin/../lib/gcc/riscv64-vega-elf/10.1.0/rv32im/ilp32/libgcc.a(ledf2.o)
 .riscv.attributes
                0x0000000000000218       0x21 /home/manjunath/Desktop/Final/vega-tools/toolchain/bin/../lib/gcc/riscv64-vega-elf/10.1.0/rv32im/ilp32/libgcc.a(muldf3.o)
 .riscv.attributes
                0x0000000000000239       0x21 /home/manjunath/Desktop/Final/vega-tools/toolchain/bin/../lib/gcc/riscv64-vega-elf/10.1.0/rv32im/ilp32/libgcc.a(subdf3.o)
 .riscv.attributes
                0x000000000000025a       0x21 /home/manjunath/Desktop/Final/vega-tools/toolchain/bin/../lib/gcc/riscv64-vega-elf/10.1.0/rv32im/ilp32/libgcc.a(fixdfsi.o)
 .riscv.attributes
                0x000000000000027b       0x21 /home/manjunath/Desktop/Final/vega-tools/toolchain/bin/../lib/gcc/riscv64-vega-elf/10.1.0/rv32im/ilp32/libgcc.a(addsf3.o)
 .riscv.attributes
                0x000000000000029c       0x21 /home/manjunath/Desktop/Final/vega-tools/toolchain/bin/../lib/gcc/riscv64-vega-elf/10.1.0/rv32im/ilp32/libgcc.a(divsf3.o)
 .riscv.attributes
                0x00000000000002bd       0x21 /home/manjunath/Desktop/Final/vega-tools/toolchain/bin/../lib/gcc/riscv64-vega-elf/10.1.0/rv32im/ilp32/libgcc.a(mulsf3.o)
 .riscv.attributes
                0x00000000000002de       0x21 /home/manjunath/Desktop/Final/vega-tools/toolchain/bin/../lib/gcc/riscv64-vega-elf/10.1.0/rv32im/ilp32/libgcc.a(floatsisf.o)
 .riscv.attributes
                0x00000000000002ff       0x21 /home/manjunath/Desktop/Final/vega-tools/toolchain/bin/../lib/gcc/riscv64-vega-elf/10.1.0/rv32im/ilp32/libgcc.a(_clzsi2.o)
 .riscv.attributes
                0x0000000000000320       0x21 /home/manjunath/Desktop/Final/vega-tools/toolchain/bin/../lib/gcc/riscv64-vega-elf/10.1.0/rv32im/ilp32/libgcc.a(_clz.o)

.debug_info     0x0000000000000000     0x313e
 .debug_info    0x0000000000000000      0x581 /home/manjunath/Desktop/Final/vega-tools/toolchain/bin/../lib/gcc/riscv64-vega-elf/10.1.0/rv32im/ilp32/libgcc.a(adddf3.o)
 .debug_info    0x0000000000000581      0x72a /home/manjunath/Desktop/Final/vega-tools/toolchain/bin/../lib/gcc/riscv64-vega-elf/10.1.0/rv32im/ilp32/libgcc.a(divdf3.o)
 .debug_info    0x0000000000000cab      0x255 /home/manjunath/Desktop/Final/vega-tools/toolchain/bin/../lib/gcc/riscv64-vega-elf/10.1.0/rv32im/ilp32/libgcc.a(eqdf2.o)
 .debug_info    0x0000000000000f00      0x253 /home/manjunath/Desktop/Final/vega-tools/toolchain/bin/../lib/gcc/riscv64-vega-elf/10.1.0/rv32im/ilp32/libgcc.a(gedf2.o)
 .debug_info    0x0000000000001153      0x253 /home/manjunath/Desktop/Final/vega-tools/toolchain/bin/../lib/gcc/riscv64-vega-elf/10.1.0/rv32im/ilp32/libgcc.a(ledf2.o)
 .debug_info    0x00000000000013a6      0x766 /home/manjunath/Desktop/Final/vega-tools/toolchain/bin/../lib/gcc/riscv64-vega-elf/10.1.0/rv32im/ilp32/libgcc.a(muldf3.o)
 .debug_info    0x0000000000001b0c      0x581 /home/manjunath/Desktop/Final/vega-tools/toolchain/bin/../lib/gcc/riscv64-vega-elf/10.1.0/rv32im/ilp32/libgcc.a(subdf3.o)
 .debug_info    0x000000000000208d      0x1e7 /home/manjunath/Desktop/Final/vega-tools/toolchain/bin/../lib/gcc/riscv64-vega-elf/10.1.0/rv32im/ilp32/libgcc.a(fixdfsi.o)
 .debug_info    0x0000000000002274      0x33c /home/manjunath/Desktop/Final/vega-tools/toolchain/bin/../lib/gcc/riscv64-vega-elf/10.1.0/rv32im/ilp32/libgcc.a(addsf3.o)
 .debug_info    0x00000000000025b0      0x3a3 /home/manjunath/Desktop/Final/vega-tools/toolchain/bin/../lib/gcc/riscv64-vega-elf/10.1.0/rv32im/ilp32/libgcc.a(divsf3.o)
 .debug_info    0x0000000000002953      0x394 /home/manjunath/Desktop/Final/vega-tools/toolchain/bin/../lib/gcc/riscv64-vega-elf/10.1.0/rv32im/ilp32/libgcc.a(mulsf3.o)
 .debug_info    0x0000000000002ce7      0x23c /home/manjunath/Desktop/Final/vega-tools/toolchain/bin/../lib/gcc/riscv64-vega-elf/10.1.0/rv32im/ilp32/libgcc.a(floatsisf.o)
 .debug_info    0x0000000000002f23      0x144 /home/manjunath/Desktop/Final/vega-tools/toolchain/bin/../lib/gcc/riscv64-vega-elf/10.1.0/rv32im/ilp32/libgcc.a(_clzsi2.o)
 .debug_info    0x0000000000003067       0xd7 /home/manjunath/Desktop/Final/vega-tools/toolchain/bin/../lib/gcc/riscv64-vega-elf/10.1.0/rv32im/ilp32/libgcc.a(_clz.o)

.debug_abbrev   0x0000000000000000     0x1214
 .debug_abbrev  0x0000000000000000      0x173 /home/manjunath/Desktop/Final/vega-tools/toolchain/bin/../lib/gcc/riscv64-vega-elf/10.1.0/rv32im/ilp32/libgcc.a(adddf3.o)
 .debug_abbrev  0x0000000000000173      0x173 /home/manjunath/Desktop/Final/vega-tools/toolchain/bin/../lib/gcc/riscv64-vega-elf/10.1.0/rv32im/ilp32/libgcc.a(divdf3.o)
 .debug_abbrev  0x00000000000002e6      0x14b /home/manjunath/Desktop/Final/vega-tools/toolchain/bin/../lib/gcc/riscv64-vega-elf/10.1.0/rv32im/ilp32/libgcc.a(eqdf2.o)
 .debug_abbrev  0x0000000000000431      0x15e /home/manjunath/Desktop/Final/vega-tools/toolchain/bin/../lib/gcc/riscv64-vega-elf/10.1.0/rv32im/ilp32/libgcc.a(gedf2.o)
 .debug_abbrev  0x000000000000058f      0x15e /home/manjunath/Desktop/Final/vega-tools/toolchain/bin/../lib/gcc/riscv64-vega-elf/10.1.0/rv32im/ilp32/libgcc.a(ledf2.o)
 .debug_abbrev  0x00000000000006ed      0x185 /home/manjunath/Desktop/Final/vega-tools/toolchain/bin/../lib/gcc/riscv64-vega-elf/10.1.0/rv32im/ilp32/libgcc.a(muldf3.o)
 .debug_abbrev  0x0000000000000872      0x173 /home/manjunath/Desktop/Final/vega-tools/toolchain/bin/../lib/gcc/riscv64-vega-elf/10.1.0/rv32im/ilp32/libgcc.a(subdf3.o)
 .debug_abbrev  0x00000000000009e5      0x15e /home/manjunath/Desktop/Final/vega-tools/toolchain/bin/../lib/gcc/riscv64-vega-elf/10.1.0/rv32im/ilp32/libgcc.a(fixdfsi.o)
 .debug_abbrev  0x0000000000000b43      0x161 /home/manjunath/Desktop/Final/vega-tools/toolchain/bin/../lib/gcc/riscv64-vega-elf/10.1.0/rv32im/ilp32/libgcc.a(addsf3.o)
 .debug_abbrev  0x0000000000000ca4      0x14c /home/manjunath/Desktop/Final/vega-tools/toolchain/bin/../lib/gcc/riscv64-vega-elf/10.1.0/rv32im/ilp32/libgcc.a(divsf3.o)
 .debug_abbrev  0x0000000000000df0      0x166 /home/manjunath/Desktop/Final/vega-tools/toolchain/bin/../lib/gcc/riscv64-vega-elf/10.1.0/rv32im/ilp32/libgcc.a(mulsf3.o)
 .debug_abbrev  0x0000000000000f56      0x184 /home/manjunath/Desktop/Final/vega-tools/toolchain/bin/../lib/gcc/riscv64-vega-elf/10.1.0/rv32im/ilp32/libgcc.a(floatsisf.o)
 .debug_abbrev  0x00000000000010da       0xca /home/manjunath/Desktop/Final/vega-tools/toolchain/bin/../lib/gcc/riscv64-vega-elf/10.1.0/rv32im/ilp32/libgcc.a(_clzsi2.o)
 .debug_abbrev  0x00000000000011a4       0x70 /home/manjunath/Desktop/Final/vega-tools/toolchain/bin/../lib/gcc/riscv64-vega-elf/10.1.0/rv32im/ilp32/libgcc.a(_clz.o)

.debug_loc      0x0000000000000000     0x61e8
 .debug_loc     0x0000000000000000     0x11ec /home/manjunath/Desktop/Final/vega-tools/toolchain/bin/../lib/gcc/riscv64-vega-elf/10.1.0/rv32im/ilp32/libgcc.a(adddf3.o)
 .debug_loc     0x00000000000011ec     0x1494 /home/manjunath/Desktop/Final/vega-tools/toolchain/bin/../lib/gcc/riscv64-vega-elf/10.1.0/rv32im/ilp32/libgcc.a(divdf3.o)
 .debug_loc     0x0000000000002680       0xa4 /home/manjunath/Desktop/Final/vega-tools/toolchain/bin/../lib/gcc/riscv64-vega-elf/10.1.0/rv32im/ilp32/libgcc.a(eqdf2.o)
 .debug_loc     0x0000000000002724      0x135 /home/manjunath/Desktop/Final/vega-tools/toolchain/bin/../lib/gcc/riscv64-vega-elf/10.1.0/rv32im/ilp32/libgcc.a(gedf2.o)
 .debug_loc     0x0000000000002859      0x135 /home/manjunath/Desktop/Final/vega-tools/toolchain/bin/../lib/gcc/riscv64-vega-elf/10.1.0/rv32im/ilp32/libgcc.a(ledf2.o)
 .debug_loc     0x000000000000298e      0xd56 /home/manjunath/Desktop/Final/vega-tools/toolchain/bin/../lib/gcc/riscv64-vega-elf/10.1.0/rv32im/ilp32/libgcc.a(muldf3.o)
 .debug_loc     0x00000000000036e4     0x114d /home/manjunath/Desktop/Final/vega-tools/toolchain/bin/../lib/gcc/riscv64-vega-elf/10.1.0/rv32im/ilp32/libgcc.a(subdf3.o)
 .debug_loc     0x0000000000004831      0x181 /home/manjunath/Desktop/Final/vega-tools/toolchain/bin/../lib/gcc/riscv64-vega-elf/10.1.0/rv32im/ilp32/libgcc.a(fixdfsi.o)
 .debug_loc     0x00000000000049b2      0x909 /home/manjunath/Desktop/Final/vega-tools/toolchain/bin/../lib/gcc/riscv64-vega-elf/10.1.0/rv32im/ilp32/libgcc.a(addsf3.o)
 .debug_loc     0x00000000000052bb      0x74d /home/manjunath/Desktop/Final/vega-tools/toolchain/bin/../lib/gcc/riscv64-vega-elf/10.1.0/rv32im/ilp32/libgcc.a(divsf3.o)
 .debug_loc     0x0000000000005a08      0x5e4 /home/manjunath/Desktop/Final/vega-tools/toolchain/bin/../lib/gcc/riscv64-vega-elf/10.1.0/rv32im/ilp32/libgcc.a(mulsf3.o)
 .debug_loc     0x0000000000005fec      0x191 /home/manjunath/Desktop/Final/vega-tools/toolchain/bin/../lib/gcc/riscv64-vega-elf/10.1.0/rv32im/ilp32/libgcc.a(floatsisf.o)
 .debug_loc     0x000000000000617d       0x6b /home/manjunath/Desktop/Final/vega-tools/toolchain/bin/../lib/gcc/riscv64-vega-elf/10.1.0/rv32im/ilp32/libgcc.a(_clzsi2.o)

.debug_aranges  0x0000000000000000      0x1b8
 .debug_aranges
                0x0000000000000000       0x20 /home/manjunath/Desktop/Final/vega-tools/toolchain/bin/../lib/gcc/riscv64-vega-elf/10.1.0/rv32im/ilp32/libgcc.a(adddf3.o)
 .debug_aranges
                0x0000000000000020       0x20 /home/manjunath/Desktop/Final/vega-tools/toolchain/bin/../lib/gcc/riscv64-vega-elf/10.1.0/rv32im/ilp32/libgcc.a(divdf3.o)
 .debug_aranges
                0x0000000000000040       0x20 /home/manjunath/Desktop/Final/vega-tools/toolchain/bin/../lib/gcc/riscv64-vega-elf/10.1.0/rv32im/ilp32/libgcc.a(eqdf2.o)
 .debug_aranges
                0x0000000000000060       0x20 /home/manjunath/Desktop/Final/vega-tools/toolchain/bin/../lib/gcc/riscv64-vega-elf/10.1.0/rv32im/ilp32/libgcc.a(gedf2.o)
 .debug_aranges
                0x0000000000000080       0x20 /home/manjunath/Desktop/Final/vega-tools/toolchain/bin/../lib/gcc/riscv64-vega-elf/10.1.0/rv32im/ilp32/libgcc.a(ledf2.o)
 .debug_aranges
                0x00000000000000a0       0x20 /home/manjunath/Desktop/Final/vega-tools/toolchain/bin/../lib/gcc/riscv64-vega-elf/10.1.0/rv32im/ilp32/libgcc.a(muldf3.o)
 .debug_aranges
                0x00000000000000c0       0x20 /home/manjunath/Desktop/Final/vega-tools/toolchain/bin/../lib/gcc/riscv64-vega-elf/10.1.0/rv32im/ilp32/libgcc.a(subdf3.o)
 .debug_aranges
                0x00000000000000e0       0x20 /home/manjunath/Desktop/Final/vega-tools/toolchain/bin/../lib/gcc/riscv64-vega-elf/10.1.0/rv32im/ilp32/libgcc.a(fixdfsi.o)
 .debug_aranges
                0x0000000000000100       0x20 /home/manjunath/Desktop/Final/vega-tools/toolchain/bin/../lib/gcc/riscv64-vega-elf/10.1.0/rv32im/ilp32/libgcc.a(addsf3.o)
 .debug_aranges
                0x0000000000000120       0x20 /home/manjunath/Desktop/Final/vega-tools/toolchain/bin/../lib/gcc/riscv64-vega-elf/10.1.0/rv32im/ilp32/libgcc.a(divsf3.o)
 .debug_aranges
                0x0000000000000140       0x20 /home/manjunath/Desktop/Final/vega-tools/toolchain/bin/../lib/gcc/riscv64-vega-elf/10.1.0/rv32im/ilp32/libgcc.a(mulsf3.o)
 .debug_aranges
                0x0000000000000160       0x20 /home/manjunath/Desktop/Final/vega-tools/toolchain/bin/../lib/gcc/riscv64-vega-elf/10.1.0/rv32im/ilp32/libgcc.a(floatsisf.o)
 .debug_aranges
                0x0000000000000180       0x20 /home/manjunath/Desktop/Final/vega-tools/toolchain/bin/../lib/gcc/riscv64-vega-elf/10.1.0/rv32im/ilp32/libgcc.a(_clzsi2.o)
 .debug_aranges
                0x00000000000001a0       0x18 /home/manjunath/Desktop/Final/vega-tools/toolchain/bin/../lib/gcc/riscv64-vega-elf/10.1.0/rv32im/ilp32/libgcc.a(_clz.o)

.debug_ranges   0x0000000000000000      0xc50
 .debug_ranges  0x0000000000000000      0x248 /home/manjunath/Desktop/Final/vega-tools/toolchain/bin/../lib/gcc/riscv64-vega-elf/10.1.0/rv32im/ilp32/libgcc.a(adddf3.o)
 .debug_ranges  0x0000000000000248      0x198 /home/manjunath/Desktop/Final/vega-tools/toolchain/bin/../lib/gcc/riscv64-vega-elf/10.1.0/rv32im/ilp32/libgcc.a(divdf3.o)
 .debug_ranges  0x00000000000003e0       0x48 /home/manjunath/Desktop/Final/vega-tools/toolchain/bin/../lib/gcc/riscv64-vega-elf/10.1.0/rv32im/ilp32/libgcc.a(eqdf2.o)
 .debug_ranges  0x0000000000000428       0x50 /home/manjunath/Desktop/Final/vega-tools/toolchain/bin/../lib/gcc/riscv64-vega-elf/10.1.0/rv32im/ilp32/libgcc.a(gedf2.o)
 .debug_ranges  0x0000000000000478       0x50 /home/manjunath/Desktop/Final/vega-tools/toolchain/bin/../lib/gcc/riscv64-vega-elf/10.1.0/rv32im/ilp32/libgcc.a(ledf2.o)
 .debug_ranges  0x00000000000004c8      0x1e0 /home/manjunath/Desktop/Final/vega-tools/toolchain/bin/../lib/gcc/riscv64-vega-elf/10.1.0/rv32im/ilp32/libgcc.a(muldf3.o)
 .debug_ranges  0x00000000000006a8      0x250 /home/manjunath/Desktop/Final/vega-tools/toolchain/bin/../lib/gcc/riscv64-vega-elf/10.1.0/rv32im/ilp32/libgcc.a(subdf3.o)
 .debug_ranges  0x00000000000008f8       0x18 /home/manjunath/Desktop/Final/vega-tools/toolchain/bin/../lib/gcc/riscv64-vega-elf/10.1.0/rv32im/ilp32/libgcc.a(fixdfsi.o)
 .debug_ranges  0x0000000000000910      0x168 /home/manjunath/Desktop/Final/vega-tools/toolchain/bin/../lib/gcc/riscv64-vega-elf/10.1.0/rv32im/ilp32/libgcc.a(addsf3.o)
 .debug_ranges  0x0000000000000a78       0xc0 /home/manjunath/Desktop/Final/vega-tools/toolchain/bin/../lib/gcc/riscv64-vega-elf/10.1.0/rv32im/ilp32/libgcc.a(divsf3.o)
 .debug_ranges  0x0000000000000b38       0xa8 /home/manjunath/Desktop/Final/vega-tools/toolchain/bin/../lib/gcc/riscv64-vega-elf/10.1.0/rv32im/ilp32/libgcc.a(mulsf3.o)
 .debug_ranges  0x0000000000000be0       0x50 /home/manjunath/Desktop/Final/vega-tools/toolchain/bin/../lib/gcc/riscv64-vega-elf/10.1.0/rv32im/ilp32/libgcc.a(floatsisf.o)
 .debug_ranges  0x0000000000000c30       0x20 /home/manjunath/Desktop/Final/vega-tools/toolchain/bin/../lib/gcc/riscv64-vega-elf/10.1.0/rv32im/ilp32/libgcc.a(_clzsi2.o)

.debug_line     0x0000000000000000     0x660f
 .debug_line    0x0000000000000000     0x1013 /home/manjunath/Desktop/Final/vega-tools/toolchain/bin/../lib/gcc/riscv64-vega-elf/10.1.0/rv32im/ilp32/libgcc.a(adddf3.o)
 .debug_line    0x0000000000001013      0xf6a /home/manjunath/Desktop/Final/vega-tools/toolchain/bin/../lib/gcc/riscv64-vega-elf/10.1.0/rv32im/ilp32/libgcc.a(divdf3.o)
 .debug_line    0x0000000000001f7d      0x250 /home/manjunath/Desktop/Final/vega-tools/toolchain/bin/../lib/gcc/riscv64-vega-elf/10.1.0/rv32im/ilp32/libgcc.a(eqdf2.o)
 .debug_line    0x00000000000021cd      0x2e5 /home/manjunath/Desktop/Final/vega-tools/toolchain/bin/../lib/gcc/riscv64-vega-elf/10.1.0/rv32im/ilp32/libgcc.a(gedf2.o)
 .debug_line    0x00000000000024b2      0x2e5 /home/manjunath/Desktop/Final/vega-tools/toolchain/bin/../lib/gcc/riscv64-vega-elf/10.1.0/rv32im/ilp32/libgcc.a(ledf2.o)
 .debug_line    0x0000000000002797      0xda5 /home/manjunath/Desktop/Final/vega-tools/toolchain/bin/../lib/gcc/riscv64-vega-elf/10.1.0/rv32im/ilp32/libgcc.a(muldf3.o)
 .debug_line    0x000000000000353c     0x1078 /home/manjunath/Desktop/Final/vega-tools/toolchain/bin/../lib/gcc/riscv64-vega-elf/10.1.0/rv32im/ilp32/libgcc.a(subdf3.o)
 .debug_line    0x00000000000045b4      0x214 /home/manjunath/Desktop/Final/vega-tools/toolchain/bin/../lib/gcc/riscv64-vega-elf/10.1.0/rv32im/ilp32/libgcc.a(fixdfsi.o)
 .debug_line    0x00000000000047c8      0xa34 /home/manjunath/Desktop/Final/vega-tools/toolchain/bin/../lib/gcc/riscv64-vega-elf/10.1.0/rv32im/ilp32/libgcc.a(addsf3.o)
 .debug_line    0x00000000000051fc      0x844 /home/manjunath/Desktop/Final/vega-tools/toolchain/bin/../lib/gcc/riscv64-vega-elf/10.1.0/rv32im/ilp32/libgcc.a(divsf3.o)
 .debug_line    0x0000000000005a40      0x755 /home/manjunath/Desktop/Final/vega-tools/toolchain/bin/../lib/gcc/riscv64-vega-elf/10.1.0/rv32im/ilp32/libgcc.a(mulsf3.o)
 .debug_line    0x0000000000006195      0x33c /home/manjunath/Desktop/Final/vega-tools/toolchain/bin/../lib/gcc/riscv64-vega-elf/10.1.0/rv32im/ilp32/libgcc.a(floatsisf.o)
 .debug_line    0x00000000000064d1       0xe5 /home/manjunath/Desktop/Final/vega-tools/toolchain/bin/../lib/gcc/riscv64-vega-elf/10.1.0/rv32im/ilp32/libgcc.a(_clzsi2.o)
 .debug_line    0x00000000000065b6       0x59 /home/manjunath/Desktop/Final/vega-tools/toolchain/bin/../lib/gcc/riscv64-vega-elf/10.1.0/rv32im/ilp32/libgcc.a(_clz.o)

.debug_str      0x0000000000000000      0xa93
 .debug_str     0x0000000000000000      0x300 /home/manjunath/Desktop/Final/vega-tools/toolchain/bin/../lib/gcc/riscv64-vega-elf/10.1.0/rv32im/ilp32/libgcc.a(adddf3.o)
                                        0x33b (size before relaxing)
 .debug_str     0x0000000000000300      0x1e4 /home/manjunath/Desktop/Final/vega-tools/toolchain/bin/../lib/gcc/riscv64-vega-elf/10.1.0/rv32im/ilp32/libgcc.a(divdf3.o)
                                        0x3fd (size before relaxing)
 .debug_str     0x00000000000004e4       0x59 /home/manjunath/Desktop/Final/vega-tools/toolchain/bin/../lib/gcc/riscv64-vega-elf/10.1.0/rv32im/ilp32/libgcc.a(eqdf2.o)
                                        0x24c (size before relaxing)
 .debug_str     0x000000000000053d       0x5e /home/manjunath/Desktop/Final/vega-tools/toolchain/bin/../lib/gcc/riscv64-vega-elf/10.1.0/rv32im/ilp32/libgcc.a(gedf2.o)
                                        0x270 (size before relaxing)
 .debug_str     0x000000000000059b       0x3a /home/manjunath/Desktop/Final/vega-tools/toolchain/bin/../lib/gcc/riscv64-vega-elf/10.1.0/rv32im/ilp32/libgcc.a(ledf2.o)
                                        0x270 (size before relaxing)
 .debug_str     0x00000000000005d5      0x161 /home/manjunath/Desktop/Final/vega-tools/toolchain/bin/../lib/gcc/riscv64-vega-elf/10.1.0/rv32im/ilp32/libgcc.a(muldf3.o)
                                        0x455 (size before relaxing)
 .debug_str     0x0000000000000736       0x3c /home/manjunath/Desktop/Final/vega-tools/toolchain/bin/../lib/gcc/riscv64-vega-elf/10.1.0/rv32im/ilp32/libgcc.a(subdf3.o)
                                        0x33b (size before relaxing)
 .debug_str     0x0000000000000772       0x59 /home/manjunath/Desktop/Final/vega-tools/toolchain/bin/../lib/gcc/riscv64-vega-elf/10.1.0/rv32im/ilp32/libgcc.a(fixdfsi.o)
                                        0x249 (size before relaxing)
 .debug_str     0x00000000000007cb       0x91 /home/manjunath/Desktop/Final/vega-tools/toolchain/bin/../lib/gcc/riscv64-vega-elf/10.1.0/rv32im/ilp32/libgcc.a(addsf3.o)
                                        0x2fe (size before relaxing)
 .debug_str     0x000000000000085c       0xdc /home/manjunath/Desktop/Final/vega-tools/toolchain/bin/../lib/gcc/riscv64-vega-elf/10.1.0/rv32im/ilp32/libgcc.a(divsf3.o)
                                        0x368 (size before relaxing)
 .debug_str     0x0000000000000938       0x6e /home/manjunath/Desktop/Final/vega-tools/toolchain/bin/../lib/gcc/riscv64-vega-elf/10.1.0/rv32im/ilp32/libgcc.a(mulsf3.o)
                                        0x323 (size before relaxing)
 .debug_str     0x00000000000009a6       0x6f /home/manjunath/Desktop/Final/vega-tools/toolchain/bin/../lib/gcc/riscv64-vega-elf/10.1.0/rv32im/ilp32/libgcc.a(floatsisf.o)
                                        0x2c9 (size before relaxing)
 .debug_str     0x0000000000000a15       0x7e /home/manjunath/Desktop/Final/vega-tools/toolchain/bin/../lib/gcc/riscv64-vega-elf/10.1.0/rv32im/ilp32/libgcc.a(_clzsi2.o)
                                        0x244 (size before relaxing)
 .debug_str     0x0000000000000a93      0x227 /home/manjunath/Desktop/Final/vega-tools/toolchain/bin/../lib/gcc/riscv64-vega-elf/10.1.0/rv32im/ilp32/libgcc.a(_clz.o)

.debug_frame    0x0000000000000000      0x2e0
 .debug_frame   0x0000000000000000       0x44 /home/manjunath/Desktop/Final/vega-tools/toolchain/bin/../lib/gcc/riscv64-vega-elf/10.1.0/rv32im/ilp32/libgcc.a(adddf3.o)
 .debug_frame   0x0000000000000044       0x58 /home/manjunath/Desktop/Final/vega-tools/toolchain/bin/../lib/gcc/riscv64-vega-elf/10.1.0/rv32im/ilp32/libgcc.a(divdf3.o)
 .debug_frame   0x000000000000009c       0x20 /home/manjunath/Desktop/Final/vega-tools/toolchain/bin/../lib/gcc/riscv64-vega-elf/10.1.0/rv32im/ilp32/libgcc.a(eqdf2.o)
 .debug_frame   0x00000000000000bc       0x20 /home/manjunath/Desktop/Final/vega-tools/toolchain/bin/../lib/gcc/riscv64-vega-elf/10.1.0/rv32im/ilp32/libgcc.a(gedf2.o)
 .debug_frame   0x00000000000000dc       0x20 /home/manjunath/Desktop/Final/vega-tools/toolchain/bin/../lib/gcc/riscv64-vega-elf/10.1.0/rv32im/ilp32/libgcc.a(ledf2.o)
 .debug_frame   0x00000000000000fc       0x54 /home/manjunath/Desktop/Final/vega-tools/toolchain/bin/../lib/gcc/riscv64-vega-elf/10.1.0/rv32im/ilp32/libgcc.a(muldf3.o)
 .debug_frame   0x0000000000000150       0x44 /home/manjunath/Desktop/Final/vega-tools/toolchain/bin/../lib/gcc/riscv64-vega-elf/10.1.0/rv32im/ilp32/libgcc.a(subdf3.o)
 .debug_frame   0x0000000000000194       0x20 /home/manjunath/Desktop/Final/vega-tools/toolchain/bin/../lib/gcc/riscv64-vega-elf/10.1.0/rv32im/ilp32/libgcc.a(fixdfsi.o)
 .debug_frame   0x00000000000001b4       0x40 /home/manjunath/Desktop/Final/vega-tools/toolchain/bin/../lib/gcc/riscv64-vega-elf/10.1.0/rv32im/ilp32/libgcc.a(addsf3.o)
 .debug_frame   0x00000000000001f4       0x4c /home/manjunath/Desktop/Final/vega-tools/toolchain/bin/../lib/gcc/riscv64-vega-elf/10.1.0/rv32im/ilp32/libgcc.a(divsf3.o)
 .debug_frame   0x0000000000000240       0x48 /home/manjunath/Desktop/Final/vega-tools/toolchain/bin/../lib/gcc/riscv64-vega-elf/10.1.0/rv32im/ilp32/libgcc.a(mulsf3.o)
 .debug_frame   0x0000000000000288       0x38 /home/manjunath/Desktop/Final/vega-tools/toolchain/bin/../lib/gcc/riscv64-vega-elf/10.1.0/rv32im/ilp32/libgcc.a(floatsisf.o)
 .debug_frame   0x00000000000002c0       0x20 /home/manjunath/Desktop/Final/vega-tools/toolchain/bin/../lib/gcc/riscv64-vega-elf/10.1.0/rv32im/ilp32/libgcc.a(_clzsi2.o)
